AccountId                            AccessToken                                                                                          WishId                                             SoldPrice                               ShippingFee                             ItemType
------------------------------------ ---------------------------------------------------------------------------------------------------- -------------------------------------------------- --------------------------------------- --------------------------------------- -----------
12BCC1D2-DEA2-483D-8E91-48E7DFF8DE48 eb382649079f40b0913a8c92242e936d                                                                     58b8f0926d2e85722a11b746                           5.00                                    1.00                                    0
12BCC1D2-DEA2-483D-8E91-48E7DFF8DE48 eb382649079f40b0913a8c92242e936d                                                                     58b8ece37b653c5329bc6c67                           2.00                                    1.00                                    0
12BCC1D2-DEA2-483D-8E91-48E7DFF8DE48 eb382649079f40b0913a8c92242e936d                                                                     58b8ebe3fe1866535c511ed9                           6.00                                    2.00                                    0
12BCC1D2-DEA2-483D-8E91-48E7DFF8DE48 eb382649079f40b0913a8c92242e936d                                                                     59955bc3f191a35e9173a768                           9.00                                    3.00                                    0
12BCC1D2-DEA2-483D-8E91-48E7DFF8DE48 eb382649079f40b0913a8c92242e936d                                                                     58ad5c34a30c6f52873d476e                           2.00                                    1.00                                    0
12BCC1D2-DEA2-483D-8E91-48E7DFF8DE48 eb382649079f40b0913a8c92242e936d                                                                     58b8ea9b8877515c209cad92                           5.00                                    1.00                                    0
12BCC1D2-DEA2-483D-8E91-48E7DFF8DE48 eb382649079f40b0913a8c92242e936d                                                                     58b8e88533b0bd71bd9bea35                           2.00                                    1.00                                    0
12BCC1D2-DEA2-483D-8E91-48E7DFF8DE48 eb382649079f40b0913a8c92242e936d                                                                     58b8e6cd93586152996966da                           4.00                                    1.00                                    0
12BCC1D2-DEA2-483D-8E91-48E7DFF8DE48 eb382649079f40b0913a8c92242e936d                                                                     58b8e5e1e24fb84e669ddc1d                           3.00                                    1.00                                    0
12BCC1D2-DEA2-483D-8E91-48E7DFF8DE48 eb382649079f40b0913a8c92242e936d                                                                     58b8e4ebed9cf57187a292c4                           3.00                                    1.00                                    0
12BCC1D2-DEA2-483D-8E91-48E7DFF8DE48 eb382649079f40b0913a8c92242e936d                                                                     58ae471b00d66d546056b11a                           3.00                                    1.00                                    0
12BCC1D2-DEA2-483D-8E91-48E7DFF8DE48 eb382649079f40b0913a8c92242e936d                                                                     58b8e2f296574453126b56db                           2.00                                    1.00                                    0
12BCC1D2-DEA2-483D-8E91-48E7DFF8DE48 eb382649079f40b0913a8c92242e936d                                                                     58b69b8bca48115d0d74da40                           2.00                                    1.00                                    0
12BCC1D2-DEA2-483D-8E91-48E7DFF8DE48 eb382649079f40b0913a8c92242e936d                                                                     58ae41aae4852d543638487b                           11.00                                   4.00                                    0
12BCC1D2-DEA2-483D-8E91-48E7DFF8DE48 eb382649079f40b0913a8c92242e936d                                                                     58ae3f251c05b8553477dade                           3.00                                    1.00                                    0
12BCC1D2-DEA2-483D-8E91-48E7DFF8DE48 eb382649079f40b0913a8c92242e936d                                                                     58ae3c51314ec46686891d7d                           3.00                                    2.00                                    0
12BCC1D2-DEA2-483D-8E91-48E7DFF8DE48 eb382649079f40b0913a8c92242e936d                                                                     59a786501a0a6646e29981ed                           3.00                                    1.99                                    1
12BCC1D2-DEA2-483D-8E91-48E7DFF8DE48 eb382649079f40b0913a8c92242e936d                                                                     59a7e2bf6aa888537f11c014                           6.99                                    2.00                                    1
12BCC1D2-DEA2-483D-8E91-48E7DFF8DE48 eb382649079f40b0913a8c92242e936d                                                                     59a7b32b2ab5c263be8034ef                           10.00                                   4.99                                    1
0F49AE52-1198-462F-A3ED-0E9336E98224 a0b23c9261964c6eab9a60b3931024d5                                                                     59102743d85e64281bbfdcb9                           6.00                                    1.00                                    0
0F49AE52-1198-462F-A3ED-0E9336E98224 a0b23c9261964c6eab9a60b3931024d5                                                                     591040668eb05f270eccd5ab                           13.00                                   2.00                                    0
0F49AE52-1198-462F-A3ED-0E9336E98224 a0b23c9261964c6eab9a60b3931024d5                                                                     591031a789dc4a1f1d572ec7                           4.00                                    2.00                                    0
0F49AE52-1198-462F-A3ED-0E9336E98224 a0b23c9261964c6eab9a60b3931024d5                                                                     59a9161195e20b2e864ed416                           2.00                                    1.00                                    0
0F49AE52-1198-462F-A3ED-0E9336E98224 a0b23c9261964c6eab9a60b3931024d5                                                                     59104a5a637ee727c5e611ae                           3.00                                    1.00                                    0
0F49AE52-1198-462F-A3ED-0E9336E98224 a0b23c9261964c6eab9a60b3931024d5                                                                     591ad7f1f45d9e27db6d7eab                           2.00                                    1.00                                    0
0F49AE52-1198-462F-A3ED-0E9336E98224 a0b23c9261964c6eab9a60b3931024d5                                                                     591044e7fba7344ac191471c                           30.00                                   5.00                                    0
0F49AE52-1198-462F-A3ED-0E9336E98224 a0b23c9261964c6eab9a60b3931024d5                                                                     591ad6bbb58cc8398620910b                           3.00                                    2.00                                    0
0F49AE52-1198-462F-A3ED-0E9336E98224 a0b23c9261964c6eab9a60b3931024d5                                                                     591ad5c45279292737b12c96                           6.00                                    2.00                                    0
0F49AE52-1198-462F-A3ED-0E9336E98224 a0b23c9261964c6eab9a60b3931024d5                                                                     595b51ae8c742b7b28c4b269                           12.00                                   2.00                                    0
0F49AE52-1198-462F-A3ED-0E9336E98224 a0b23c9261964c6eab9a60b3931024d5                                                                     59103ca089dc4a4edf5521e1                           4.00                                    1.00                                    0
0F49AE52-1198-462F-A3ED-0E9336E98224 a0b23c9261964c6eab9a60b3931024d5                                                                     591579247863136507dc9a46                           64.00                                   6.00                                    0
0F49AE52-1198-462F-A3ED-0E9336E98224 a0b23c9261964c6eab9a60b3931024d5                                                                     595a0181a662363d6778f397                           2.00                                    1.00                                    0
0F49AE52-1198-462F-A3ED-0E9336E98224 a0b23c9261964c6eab9a60b3931024d5                                                                     59157513914304501ac1a7d2                           7.00                                    2.00                                    0
0F49AE52-1198-462F-A3ED-0E9336E98224 a0b23c9261964c6eab9a60b3931024d5                                                                     59a791e44505db10c464a6d6                           4.00                                    2.00                                    0
0F49AE52-1198-462F-A3ED-0E9336E98224 a0b23c9261964c6eab9a60b3931024d5                                                                     597aece7934cab4a49d9831c                           4.00                                    2.00                                    0
0F49AE52-1198-462F-A3ED-0E9336E98224 a0b23c9261964c6eab9a60b3931024d5                                                                     59cdfbf7ec661257e875473b                           9.00                                    5.00                                    0
0F49AE52-1198-462F-A3ED-0E9336E98224 a0b23c9261964c6eab9a60b3931024d5                                                                     59ae488c35b03a610a0a15eb                           4.00                                    2.00                                    0
0F49AE52-1198-462F-A3ED-0E9336E98224 a0b23c9261964c6eab9a60b3931024d5                                                                     597aea541a665925ed063c0a                           2.00                                    1.00                                    0
0F49AE52-1198-462F-A3ED-0E9336E98224 a0b23c9261964c6eab9a60b3931024d5                                                                     59ae457ffc1d371a907111ec                           2.00                                    1.00                                    0
0F49AE52-1198-462F-A3ED-0E9336E98224 a0b23c9261964c6eab9a60b3931024d5                                                                     597aedb2ffa91e75553fdbe8                           5.00                                    2.00                                    0
0F49AE52-1198-462F-A3ED-0E9336E98224 a0b23c9261964c6eab9a60b3931024d5                                                                     597aeeddc215cc3b769bb765                           2.00                                    1.00                                    0
0F49AE52-1198-462F-A3ED-0E9336E98224 a0b23c9261964c6eab9a60b3931024d5                                                                     597ae8e200b1857493ffb0d7                           4.00                                    1.00                                    0
0F49AE52-1198-462F-A3ED-0E9336E98224 a0b23c9261964c6eab9a60b3931024d5                                                                     597ae96db59e2a72882ff58a                           5.00                                    2.00                                    0

(43 行受影响)
